
R version 3.2.5 (2016-04-14) -- "Very, Very Secure Dishes"
Copyright (C) 2016 The R Foundation for Statistical Computing
Platform: x86_64-pc-linux-gnu (64-bit)

R is free software and comes with ABSOLUTELY NO WARRANTY.
You are welcome to redistribute it under certain conditions.
Type 'license()' or 'licence()' for distribution details.

  Natural language support but running in an English locale

R is a collaborative project with many contributors.
Type 'contributors()' for more information and
'citation()' on how to cite R or R packages in publications.

Type 'demo()' for some demos, 'help()' for on-line help, or
'help.start()' for an HTML browser interface to help.
Type 'q()' to quit R.

[Previously saved workspace restored]

> ##########################  data description  #########################
> # Reference:
> # Alterations in Serum Polyunsaturated Fatty Acids and Eicosanoids in #
> # Patients with Mild to Moderate Chronic Obstructive Pulmonary        #
> # Disease (COPD),                                                     #
> #######################################################################
> 
> ### paths
> path.code <- as.character(ifelse(Sys.info()[1]=="Darwin","/Users/magnusmunch/Documents/PhD/EBEN/code/" ,"~/EBEN/code/"))
> path.res <- as.character(ifelse(Sys.info()[1]=="Darwin","/Users/magnusmunch/Documents/PhD/EBEN/results/" ,"~/EBEN/results/"))
> path.data <- as.character(ifelse(Sys.info()[1]=="Darwin","/Users/magnusmunch/Documents/PhD/EBEN/data/MTBLS358_20170411_140414/" ,"~/EBEN/data/MTBLS358_20170411_140414/"))
> path.graph <- "/Users/magnusmunch/Documents/PhD/EBEN/graphs/"
> 
> ### libraries
> library(glmnet)
Loading required package: Matrix
Loading required package: foreach
Loaded glmnet 2.0-5

> library(penalized)
Loading required package: survival
Welcome to penalized. For extended examples, see vignette("penalized").
> library(GRridge)
Loading required package: Iso
Iso 0.0-17
Loading required package: GSEABase
Loading required package: BiocGenerics
Loading required package: parallel

Attaching package: ‘BiocGenerics’

The following objects are masked from ‘package:parallel’:

    clusterApply, clusterApplyLB, clusterCall, clusterEvalQ,
    clusterExport, clusterMap, parApply, parCapply, parLapply,
    parLapplyLB, parRapply, parSapply, parSapplyLB

The following object is masked from ‘package:penalized’:

    as.data.frame

The following object is masked from ‘package:Matrix’:

    as.vector

The following objects are masked from ‘package:stats’:

    IQR, mad, xtabs

The following objects are masked from ‘package:base’:

    anyDuplicated, append, as.data.frame, as.vector, cbind, colnames,
    do.call, duplicated, eval, evalq, Filter, Find, get, grep, grepl,
    intersect, is.unsorted, lapply, lengths, Map, mapply, match, mget,
    order, paste, pmax, pmax.int, pmin, pmin.int, Position, rank,
    rbind, Reduce, rownames, sapply, setdiff, sort, table, tapply,
    union, unique, unlist, unsplit

Loading required package: Biobase
Welcome to Bioconductor

    Vignettes contain introductory material; view with
    'browseVignettes()'. To cite Bioconductor, see
    'citation("Biobase")', and for packages 'citation("pkgname")'.

Loading required package: annotate
Loading required package: AnnotationDbi
Loading required package: stats4
Loading required package: IRanges
Loading required package: S4Vectors

Attaching package: ‘IRanges’

The following object is masked from ‘package:Matrix’:

    expand

Loading required package: XML
Loading required package: graph

Attaching package: ‘graph’

The following object is masked from ‘package:XML’:

    addNode


Attaching package: ‘GRridge’

The following object is masked from ‘package:glmnet’:

    auc

Warning messages:
1: replacing previous import ‘stats::xtabs’ by ‘BiocGenerics::xtabs’ when loading ‘GRridge’ 
2: replacing previous import ‘GSEABase::intersect’ by ‘BiocGenerics::intersect’ when loading ‘GRridge’ 
3: replacing previous import ‘stats::mad’ by ‘BiocGenerics::mad’ when loading ‘GRridge’ 
4: replacing previous import ‘GSEABase::setdiff’ by ‘BiocGenerics::setdiff’ when loading ‘GRridge’ 
5: replacing previous import ‘penalized::as.data.frame’ by ‘BiocGenerics::as.data.frame’ when loading ‘GRridge’ 
6: replacing previous import ‘stats::IQR’ by ‘BiocGenerics::IQR’ when loading ‘GRridge’ 
> library(pROC)
Type 'citation("pROC")' for a citation.

Attaching package: ‘pROC’

The following objects are masked from ‘package:GRridge’:

    auc, roc

The following objects are masked from ‘package:IRanges’:

    cov, var

The following object is masked from ‘package:glmnet’:

    auc

The following objects are masked from ‘package:stats’:

    cov, smooth, var

> 
> ### functions
> # source grENVB functions
> source(paste(path.code, "grVBEM.R", sep=""))
> 
> # function to cross-validate elastic net
> cv.en <- function(x, y, intercept=intercept) {
+   fit.pen <- cv.pen(x, y, intercept=intercept)
+   fit.en <- glmnet(x, y, family="binomial", alpha=fit.pen$alpha[which.min(fit.pen$cvll)],
+                    lambda=fit.pen$lambda[which.min(fit.pen$cvll)])
+   return(fit.en)
+ }
> 
> ### reading in data
> data <- read.table(paste(path.data, "s_Study.txt", sep=""), header=TRUE)
> CER <- read.table(paste(path.data, "m_CER_mass_spectrometry_v4.maf", sep=""), header=TRUE)
> EICO <- read.table(paste(path.data, "m_EICO_mass_spectrometry_v4.maf", sep=""), header=TRUE)
> SHOT <- read.table(paste(path.data, "m_SHOT_mass_spectrometry_v4.maf", sep=""), header=TRUE)
> TAG <- read.table(paste(path.data, "m_TAG_mass_spectrometry_v4.maf", sep=""), header=TRUE)
> 
> ### data formatting
> # clinical variables
> status <- data$Factor.Value.Study.Group # FS: former smokers, CS: current smokers, NS: never-smokers
> id <- as.character(data$Sample.Name)
> 
> # metabolomics data
> CER2 <- data.frame(id=as.character(names(CER)[c(22:176)]), t(CER[, c(22:176)]))
> CER2[sapply(CER2, is.factor)] <- lapply(CER2[sapply(CER2, is.factor)], as.character)
> colnames(CER2)[-1] <- as.character(CER[, 5])
> 
> EICO2 <- data.frame(id=as.character(names(EICO)[c(22:176)]), t(EICO[, c(22:176)]))
> EICO2[sapply(EICO2, is.factor)] <- lapply(EICO2[sapply(EICO2, is.factor)], as.character)
> colnames(EICO2)[-1] <- as.character(EICO[, 5])
> 
> SHOT2 <- data.frame(id=as.character(names(SHOT)[c(22:176)]), t(SHOT[, c(22:176)]))
> SHOT2[sapply(SHOT2, is.factor)] <- lapply(SHOT2[sapply(SHOT2, is.factor)], as.character)
> colnames(SHOT2)[-1] <- as.character(SHOT[, 5])
> 
> TAG2 <- data.frame(id=as.character(names(TAG)[c(22:176)]), t(TAG[, c(22:176)]))
> TAG2[sapply(TAG2, is.factor)] <- lapply(TAG2[sapply(TAG2, is.factor)], as.character)
> colnames(TAG2)[-1] <- as.character(TAG[, 5])
> 
> metabol <- data.frame(CER2[, -1], EICO2[, -1], SHOT2[, -1], TAG2[, -1])
> 
> # data preparation
> # remove sample/feature if more than 10% missing
> # impute half of the minimum of a feature
> metabol2 <- metabol[, apply(metabol, 2, function(x) {sum(is.na(x))})/nrow(metabol) < 0.10]
> indsel1 <- which(apply(metabol, 2, function(x) {sum(is.na(x))})/nrow(metabol) < 0.10)
> metabol3 <- metabol2[apply(metabol2, 1, function(x) {sum(is.na(x))})/ncol(metabol) < 0.1, ]
> indsel2 <- which(apply(metabol2, 1, function(x) {sum(is.na(x))})/ncol(metabol) < 0.1)
> metabolprep <- apply(metabol3, 2, function(x) {
+   imput <- min(x, na.rm=TRUE)/2; ifelse(is.na(x), imput, x)})
> statusprep <- status[indsel2]
> 
> ### data analysis
> y <- ifelse(as.numeric(statusprep) > 1, 0, as.numeric(statusprep))
> x <- apply(metabolprep, 2, function(x) {(x - mean(x))/sd(x)})
> n <- nrow(x)
> p <- ncol(x)
> m <- rep(1, n)
> 
> # co-data
> groups1 <- rep(1:4, times=c(ncol(CER2[, -1]), ncol(EICO2[, -1]), ncol(SHOT2[, -1]), 
+                             ncol(TAG2[, -1])))[indsel1]
> 
> # cross validation of AUC
> set.seed(3001)
> nfolds <- 10
> rest <- n %% nfolds
> foldsize <- c(rep(n %/% nfolds + as.numeric(rest!=0), times=rest),
+               rep(n %/% nfolds, times=nfolds - rest))
> foldid <- sample(rep(1:nfolds, times=foldsize))
> 
> cv.ridge <- cv.glmnet(x, y, family="binomial", alpha=0, standardize=FALSE, intercept=TRUE)
> cv.en <- cv.pen(x, y, intercept=TRUE)
> # cv.SGL <- cvSGL(list(x=x, y=y), index=groups, type="logit", standardize=FALSE)
> 
> lambda2ridge <- 0.5*n*cv.ridge$lambda.min
> lambdaridge <- cv.ridge$lambda.min
> alphaglmnet <- cv.en$alpha[which.min(cv.en$cvll)]
> lambdaglmnet <- cv.en$lambda[which.min(cv.en$cvll)]
> lambda1gren <- 2*n*lambdaglmnet*alphaglmnet
> lambda2gren <- n*lambdaglmnet*(1 - alphaglmnet)
> # lambdaSGL <- cv.SGL$lambdas[which.min(cv.SGL$lldiff)]
> 
> pred1.ridge <- pred1.en <- pred1.grEBEN <- pred1.grridge <- numeric(n) # pred1.SGL <- numeric(n)
> for(k in 1:nfolds) {
+   print(paste("Fold", k, sep=" "))
+   xtrain <- x[foldid!=k, ]
+   xtest <- x[foldid==k, ]
+   ytrain <- y[foldid!=k]
+   ytest <- y[foldid==k]
+   mtrain <- m[foldid!=k]
+   mtest <- m[foldid==k]
+   ntrain <- length(ytrain)
+   ntest <- length(ytest)
+ 
+   # grVBEM
+   fit.ridge <- glmnet(xtrain, ytrain, family="binomial", alpha=0, lambda=lambdaridge, standardize=FALSE,
+                       intercept=TRUE)
+   fit.en <- glmnet(xtrain, ytrain, family="binomial", alpha=alphaglmnet, lambda=lambdaglmnet, standardize=FALSE,
+                    intercept=TRUE)
+   fit.grEBEN <- grVBEM(xtrain, ytrain, m=mtrain, partitions=groups1, lambda1=lambda1gren, lambda2=lambda2gren,
+                        intercept=TRUE, eps=0.001, maxiter=500, trace=TRUE)
+   fit.grridge <- grridge(t(xtrain), ytrain, list(group=CreatePartition(as.factor(groups1))), unpenal=~1,
+                          optl=lambda2ridge, trace=FALSE)
+   # fit.SGL <- SGL(list(x=xtrain, y=ytrain), index=groups, type="logit", standardize=FALSE)
+ 
+   pred1.ridge[foldid==k] <- predict(fit.ridge, xtest, type="response")
+   pred1.en[foldid==k] <- predict(fit.en, xtest, type="response")
+   pred1.grEBEN[foldid==k] <- as.numeric(exp(cbind(1, xtest) %*% fit.grEBEN$mu)/
+                                            (1 + exp(cbind(1, xtest) %*% fit.grEBEN$mu)))
+   pred1.grridge[foldid==k] <- predict(fit.grridge$predobj$GroupRegul, xtest)
+   # pred1.SGL[foldid==k] <- as.numeric(exp(cbind(1, matrix(xtest, nrow=1)) %*%
+   #                                          rbind(fit.SGL$fit$intercepts, fit.SGL$fit$beta)
+   #                                        [, which.min(fit.SGL$lldiff)])/
+   #                                      (1 + exp(cbind(1, matrix(xtest, nrow=1)) %*%
+   #                                                 rbind(fit.SGL$fit$intercepts, fit.SGL$fit$beta)
+   #                                               [, which.min(fit.SGL$lldiff)])))
+ 
+ }
[1] "Fold 1"

Estimating penalty multipliers by empirical Bayes
Penalty multipliers estimated at partition1: 1.22, 0.74, 0.92, 1.25      Penalty multipliers estimated at partition1: 1.19, 0.75, 0.93, 1.27      Penalty multipliers estimated at partition1: 1.16, 0.75, 0.93, 1.29      Penalty multipliers estimated at partition1: 1.13, 0.76, 0.94, 1.31      Penalty multipliers estimated at partition1: 1.11, 0.77, 0.95, 1.33      Penalty multipliers estimated at partition1: 1.09, 0.78, 0.95, 1.35      Penalty multipliers estimated at partition1: 1.07, 0.78, 0.96, 1.37      Penalty multipliers estimated at partition1: 1.05, 0.79, 0.96, 1.39      Penalty multipliers estimated at partition1: 1.03, 0.8, 0.97, 1.41      Penalty multipliers estimated at partition1: 1.01, 0.8, 0.97, 1.43      Penalty multipliers estimated at partition1: 0.99, 0.81, 0.97, 1.45      Penalty multipliers estimated at partition1: 0.98, 0.81, 0.98, 1.47      Penalty multipliers estimated at partition1: 0.96, 0.82, 0.98, 1.48      Penalty multipliers estimated at partition1: 0.95, 0.83, 0.99, 1.5      Penalty multipliers estimated at partition1: 0.94, 0.83, 0.99, 1.52      Penalty multipliers estimated at partition1: 0.92, 0.84, 0.99, 1.53      Penalty multipliers estimated at partition1: 0.91, 0.84, 1, 1.55      Penalty multipliers estimated at partition1: 0.9, 0.85, 1, 1.57      Penalty multipliers estimated at partition1: 0.89, 0.85, 1, 1.58      Penalty multipliers estimated at partition1: 0.88, 0.86, 1.01, 1.6      Penalty multipliers estimated at partition1: 0.87, 0.86, 1.01, 1.61      Penalty multipliers estimated at partition1: 0.86, 0.87, 1.01, 1.63      Penalty multipliers estimated at partition1: 0.85, 0.87, 1.01, 1.64      Penalty multipliers estimated at partition1: 0.84, 0.88, 1.02, 1.66      Penalty multipliers estimated at partition1: 0.84, 0.88, 1.02, 1.67      Penalty multipliers estimated at partition1: 0.83, 0.88, 1.02, 1.69      Penalty multipliers estimated at partition1: 0.82, 0.89, 1.02, 1.7      Penalty multipliers estimated at partition1: 0.81, 0.89, 1.02, 1.71      Penalty multipliers estimated at partition1: 0.81, 0.9, 1.03, 1.73      Penalty multipliers estimated at partition1: 0.8, 0.9, 1.03, 1.74      Penalty multipliers estimated at partition1: 0.8, 0.9, 1.03, 1.75      Penalty multipliers estimated at partition1: 0.79, 0.91, 1.03, 1.76      Penalty multipliers estimated at partition1: 0.79, 0.91, 1.03, 1.78      Penalty multipliers estimated at partition1: 0.78, 0.91, 1.03, 1.79      Penalty multipliers estimated at partition1: 0.78, 0.91, 1.03, 1.8      Penalty multipliers estimated at partition1: 0.77, 0.92, 1.03, 1.81      Penalty multipliers estimated at partition1: 0.77, 0.92, 1.04, 1.82      Penalty multipliers estimated at partition1: 0.77, 0.92, 1.04, 1.83      Penalty multipliers estimated at partition1: 0.76, 0.93, 1.04, 1.84      Penalty multipliers estimated at partition1: 0.76, 0.93, 1.04, 1.85      Penalty multipliers estimated at partition1: 0.75, 0.93, 1.04, 1.86      Penalty multipliers estimated at partition1: 0.75, 0.93, 1.04, 1.87      Penalty multipliers estimated at partition1: 0.75, 0.94, 1.04, 1.88      Penalty multipliers estimated at partition1: 0.75, 0.94, 1.04, 1.89      Penalty multipliers estimated at partition1: 0.74, 0.94, 1.04, 1.9      Penalty multipliers estimated at partition1: 0.74, 0.94, 1.04, 1.91      Penalty multipliers estimated at partition1: 0.74, 0.94, 1.04, 1.92      Penalty multipliers estimated at partition1: 0.74, 0.95, 1.04, 1.93      Penalty multipliers estimated at partition1: 0.73, 0.95, 1.04, 1.94      Penalty multipliers estimated at partition1: 0.73, 0.95, 1.04, 1.94      Penalty multipliers estimated at partition1: 0.73, 0.95, 1.04, 1.95      Penalty multipliers estimated at partition1: 0.73, 0.95, 1.04, 1.96      Penalty multipliers estimated at partition1: 0.73, 0.95, 1.04, 1.97      Penalty multipliers estimated at partition1: 0.72, 0.96, 1.04, 1.97      Penalty multipliers estimated at partition1: 0.72, 0.96, 1.04, 1.98      Penalty multipliers estimated at partition1: 0.72, 0.96, 1.04, 1.99      Penalty multipliers estimated at partition1: 0.72, 0.96, 1.04, 1.99      Penalty multipliers estimated at partition1: 0.72, 0.96, 1.04, 2      Penalty multipliers estimated at partition1: 0.72, 0.96, 1.04, 2.01      Penalty multipliers estimated at partition1: 0.72, 0.96, 1.04, 2.01      Penalty multipliers estimated at partition1: 0.71, 0.97, 1.04, 2.02      Penalty multipliers estimated at partition1: 0.71, 0.97, 1.04, 2.02      Penalty multipliers estimated at partition1: 0.71, 0.97, 1.04, 2.03      Penalty multipliers estimated at partition1: 0.71, 0.97, 1.04, 2.04      Penalty multipliers estimated at partition1: 0.71, 0.97, 1.04, 2.04      Penalty multipliers estimated at partition1: 0.71, 0.97, 1.04, 2.05      Penalty multipliers estimated at partition1: 0.71, 0.97, 1.04, 2.05      Penalty multipliers estimated at partition1: 0.71, 0.97, 1.04, 2.06      Penalty multipliers estimated at partition1: 0.71, 0.97, 1.04, 2.06      Penalty multipliers estimated at partition1: 0.71, 0.98, 1.04, 2.07      Penalty multipliers estimated at partition1: 0.7, 0.98, 1.04, 2.07      Penalty multipliers estimated at partition1: 0.7, 0.98, 1.04, 2.08      Penalty multipliers estimated at partition1: 0.7, 0.98, 1.04, 2.08      Penalty multipliers estimated at partition1: 0.7, 0.98, 1.04, 2.08      Penalty multipliers estimated at partition1: 0.7, 0.98, 1.04, 2.09      Penalty multipliers estimated at partition1: 0.7, 0.98, 1.04, 2.09      Penalty multipliers estimated at partition1: 0.7, 0.98, 1.04, 2.1      Penalty multipliers estimated at partition1: 0.7, 0.98, 1.04, 2.1      Penalty multipliers estimated at partition1: 0.7, 0.98, 1.04, 2.1      Penalty multipliers estimated at partition1: 0.7, 0.98, 1.04, 2.11      Penalty multipliers estimated at partition1: 0.7, 0.98, 1.04, 2.11      Penalty multipliers estimated at partition1: 0.7, 0.99, 1.04, 2.11      Penalty multipliers estimated at partition1: 0.7, 0.99, 1.04, 2.12      Penalty multipliers estimated at partition1: 0.7, 0.99, 1.04, 2.12      Penalty multipliers estimated at partition1: 0.7, 0.99, 1.04, 2.12      Penalty multipliers estimated at partition1: 0.7, 0.99, 1.04, 2.13      Penalty multipliers estimated at partition1: 0.7, 0.99, 1.04, 2.13      Penalty multipliers estimated at partition1: 0.7, 0.99, 1.04, 2.13      Penalty multipliers estimated at partition1: 0.7, 0.99, 1.04, 2.13      Penalty multipliers estimated at partition1: 0.7, 0.99, 1.04, 2.14      Penalty multipliers estimated at partition1: 0.7, 0.99, 1.04, 2.14      Penalty multipliers estimated at partition1: 0.7, 0.99, 1.04, 2.14      Penalty multipliers estimated at partition1: 0.69, 0.99, 1.04, 2.15      Penalty multipliers estimated at partition1: 0.69, 0.99, 1.04, 2.15      Penalty multipliers estimated at partition1: 0.69, 0.99, 1.04, 2.15      Penalty multipliers estimated at partition1: 0.69, 0.99, 1.04, 2.15      Penalty multipliers estimated at partition1: 0.69, 0.99, 1.04, 2.15      Penalty multipliers estimated at partition1: 0.69, 0.99, 1.04, 2.16      Penalty multipliers estimated at partition1: 0.69, 0.99, 1.04, 2.16 in 12.25 seconds [1] "Summary of group sizes:"
 1  2  3  4 
46 17 94 17 
[1] "Grouping 1 contains mutually exclusive groups"
[1] "Binary response, executing logistic ridge regression"
12345
[1] -67.74801
[1] -67.74801
[1] "Relative error: 0.229680186853474"
[1] "WARNING: large relative error (>=0.1). Consider using larger groups of variable."
[1] "Shrink Factor coefficient matrix 1"
[1] "exactstable"
[1] 1.1490447 0.7883008 0.9159043 1.7399206
[1] -67.52117
12345
[1] "Partition group improved results"
[1] "Relative error: 0.214771036334044"
[1] "WARNING: large relative error (>=0.1). Consider using larger groups of variable."
[1] "Shrink Factor coefficient matrix 1"
[1] "exactstable"
[1] 1.1102918 0.8113789 0.9220424 1.7580378
[1] -67.34692
[1] "Partition group CONVERGED after 2 iterations"
[1] "All partitions CONVERGED after 2 iterations"
[1] "Computation time for adaptive weigthing: 10.509"
[1] "Final lambda multipliers (summary):"
$group
        1         2         3         4 
1.1490447 0.7883008 0.9159043 1.7399206 

[1] "CVLs -67.7480072810976" "CVLs -67.5211679234696"
[1] "Total computation time: 10.51"
[1] "Fold 2"

Estimating penalty multipliers by empirical Bayes
Penalty multipliers estimated at partition1: 1.21, 0.76, 0.92, 1.26      Penalty multipliers estimated at partition1: 1.19, 0.75, 0.92, 1.28      Penalty multipliers estimated at partition1: 1.18, 0.73, 0.93, 1.29      Penalty multipliers estimated at partition1: 1.17, 0.72, 0.94, 1.31      Penalty multipliers estimated at partition1: 1.15, 0.71, 0.94, 1.33      Penalty multipliers estimated at partition1: 1.14, 0.7, 0.95, 1.34      Penalty multipliers estimated at partition1: 1.13, 0.69, 0.95, 1.36      Penalty multipliers estimated at partition1: 1.12, 0.69, 0.96, 1.37      Penalty multipliers estimated at partition1: 1.11, 0.68, 0.96, 1.39      Penalty multipliers estimated at partition1: 1.1, 0.67, 0.97, 1.4      Penalty multipliers estimated at partition1: 1.09, 0.66, 0.97, 1.41      Penalty multipliers estimated at partition1: 1.08, 0.66, 0.97, 1.43      Penalty multipliers estimated at partition1: 1.07, 0.65, 0.98, 1.44      Penalty multipliers estimated at partition1: 1.07, 0.65, 0.98, 1.45      Penalty multipliers estimated at partition1: 1.06, 0.64, 0.98, 1.46      Penalty multipliers estimated at partition1: 1.05, 0.63, 0.99, 1.48      Penalty multipliers estimated at partition1: 1.05, 0.63, 0.99, 1.49      Penalty multipliers estimated at partition1: 1.04, 0.62, 0.99, 1.5      Penalty multipliers estimated at partition1: 1.03, 0.62, 1, 1.51      Penalty multipliers estimated at partition1: 1.03, 0.62, 1, 1.52      Penalty multipliers estimated at partition1: 1.02, 0.61, 1, 1.53      Penalty multipliers estimated at partition1: 1.02, 0.61, 1, 1.54      Penalty multipliers estimated at partition1: 1.01, 0.6, 1.01, 1.55      Penalty multipliers estimated at partition1: 1.01, 0.6, 1.01, 1.56      Penalty multipliers estimated at partition1: 1, 0.6, 1.01, 1.57      Penalty multipliers estimated at partition1: 1, 0.6, 1.01, 1.58      Penalty multipliers estimated at partition1: 0.99, 0.59, 1.01, 1.59      Penalty multipliers estimated at partition1: 0.99, 0.59, 1.02, 1.6      Penalty multipliers estimated at partition1: 0.99, 0.59, 1.02, 1.61      Penalty multipliers estimated at partition1: 0.98, 0.59, 1.02, 1.62      Penalty multipliers estimated at partition1: 0.98, 0.58, 1.02, 1.63      Penalty multipliers estimated at partition1: 0.98, 0.58, 1.02, 1.64      Penalty multipliers estimated at partition1: 0.97, 0.58, 1.02, 1.64      Penalty multipliers estimated at partition1: 0.97, 0.58, 1.02, 1.65      Penalty multipliers estimated at partition1: 0.97, 0.58, 1.03, 1.66      Penalty multipliers estimated at partition1: 0.96, 0.57, 1.03, 1.67      Penalty multipliers estimated at partition1: 0.96, 0.57, 1.03, 1.67      Penalty multipliers estimated at partition1: 0.96, 0.57, 1.03, 1.68      Penalty multipliers estimated at partition1: 0.96, 0.57, 1.03, 1.69      Penalty multipliers estimated at partition1: 0.96, 0.57, 1.03, 1.69      Penalty multipliers estimated at partition1: 0.95, 0.57, 1.03, 1.7      Penalty multipliers estimated at partition1: 0.95, 0.57, 1.03, 1.7      Penalty multipliers estimated at partition1: 0.95, 0.56, 1.03, 1.71      Penalty multipliers estimated at partition1: 0.95, 0.56, 1.03, 1.72      Penalty multipliers estimated at partition1: 0.95, 0.56, 1.03, 1.72      Penalty multipliers estimated at partition1: 0.94, 0.56, 1.03, 1.73      Penalty multipliers estimated at partition1: 0.94, 0.56, 1.04, 1.73      Penalty multipliers estimated at partition1: 0.94, 0.56, 1.04, 1.74      Penalty multipliers estimated at partition1: 0.94, 0.56, 1.04, 1.74      Penalty multipliers estimated at partition1: 0.94, 0.56, 1.04, 1.75      Penalty multipliers estimated at partition1: 0.94, 0.56, 1.04, 1.75      Penalty multipliers estimated at partition1: 0.94, 0.56, 1.04, 1.76      Penalty multipliers estimated at partition1: 0.93, 0.56, 1.04, 1.76      Penalty multipliers estimated at partition1: 0.93, 0.55, 1.04, 1.77      Penalty multipliers estimated at partition1: 0.93, 0.55, 1.04, 1.77      Penalty multipliers estimated at partition1: 0.93, 0.55, 1.04, 1.77      Penalty multipliers estimated at partition1: 0.93, 0.55, 1.04, 1.78      Penalty multipliers estimated at partition1: 0.93, 0.55, 1.04, 1.78      Penalty multipliers estimated at partition1: 0.93, 0.55, 1.04, 1.78      Penalty multipliers estimated at partition1: 0.93, 0.55, 1.04, 1.79      Penalty multipliers estimated at partition1: 0.93, 0.55, 1.04, 1.79      Penalty multipliers estimated at partition1: 0.93, 0.55, 1.04, 1.79      Penalty multipliers estimated at partition1: 0.92, 0.55, 1.04, 1.8      Penalty multipliers estimated at partition1: 0.92, 0.55, 1.04, 1.8      Penalty multipliers estimated at partition1: 0.92, 0.55, 1.04, 1.8      Penalty multipliers estimated at partition1: 0.92, 0.55, 1.04, 1.81      Penalty multipliers estimated at partition1: 0.92, 0.55, 1.04, 1.81      Penalty multipliers estimated at partition1: 0.92, 0.55, 1.04, 1.81      Penalty multipliers estimated at partition1: 0.92, 0.55, 1.04, 1.82      Penalty multipliers estimated at partition1: 0.92, 0.55, 1.04, 1.82      Penalty multipliers estimated at partition1: 0.92, 0.55, 1.04, 1.82      Penalty multipliers estimated at partition1: 0.92, 0.55, 1.04, 1.82      Penalty multipliers estimated at partition1: 0.92, 0.55, 1.04, 1.83      Penalty multipliers estimated at partition1: 0.92, 0.55, 1.04, 1.83      Penalty multipliers estimated at partition1: 0.92, 0.55, 1.04, 1.83      Penalty multipliers estimated at partition1: 0.92, 0.55, 1.04, 1.83      Penalty multipliers estimated at partition1: 0.92, 0.55, 1.04, 1.83      Penalty multipliers estimated at partition1: 0.92, 0.55, 1.04, 1.84      Penalty multipliers estimated at partition1: 0.92, 0.55, 1.04, 1.84      Penalty multipliers estimated at partition1: 0.92, 0.55, 1.04, 1.84      Penalty multipliers estimated at partition1: 0.91, 0.55, 1.04, 1.84      Penalty multipliers estimated at partition1: 0.91, 0.55, 1.04, 1.84      Penalty multipliers estimated at partition1: 0.91, 0.55, 1.04, 1.84 in 8.66 seconds [1] "Summary of group sizes:"
 1  2  3  4 
46 17 94 17 
[1] "Grouping 1 contains mutually exclusive groups"
[1] "Binary response, executing logistic ridge regression"
1234
[1] -68.34119
[1] -68.34119
[1] "Relative error: 0.200497924670316"
[1] "WARNING: large relative error (>=0.1). Consider using larger groups of variable."
[1] "Shrink Factor coefficient matrix 1"
[1] "exactstable"
[1] 1.4791057 0.6744208 0.8746664 1.6627917
[1] -67.94239
12345
[1] "Partition group improved results"
[1] "Relative error: 0.195345599405942"
[1] "WARNING: large relative error (>=0.1). Consider using larger groups of variable."
[1] "Shrink Factor coefficient matrix 1"
[1] "exactstable"
[1] 1.4580605 0.7103371 0.8674144 1.6747282
[1] -67.60155
[1] "Partition group CONVERGED after 2 iterations"
[1] "All partitions CONVERGED after 2 iterations"
[1] "Computation time for adaptive weigthing: 10.101"
[1] "Final lambda multipliers (summary):"
$group
        1         2         3         4 
1.4791057 0.6744208 0.8746664 1.6627917 

[1] "CVLs -68.3411938473123" "CVLs -67.942393414014" 
[1] "Total computation time: 10.101"
[1] "Fold 3"

Estimating penalty multipliers by empirical Bayes
Penalty multipliers estimated at partition1: 1.19, 0.79, 0.92, 1.21      Penalty multipliers estimated at partition1: 1.16, 0.82, 0.93, 1.22      Penalty multipliers estimated at partition1: 1.14, 0.84, 0.93, 1.23      Penalty multipliers estimated at partition1: 1.11, 0.86, 0.94, 1.25      Penalty multipliers estimated at partition1: 1.08, 0.88, 0.94, 1.26      Penalty multipliers estimated at partition1: 1.06, 0.91, 0.95, 1.27      Penalty multipliers estimated at partition1: 1.04, 0.93, 0.95, 1.28      Penalty multipliers estimated at partition1: 1.02, 0.94, 0.95, 1.3      Penalty multipliers estimated at partition1: 1, 0.96, 0.96, 1.31      Penalty multipliers estimated at partition1: 0.98, 0.98, 0.96, 1.32      Penalty multipliers estimated at partition1: 0.97, 1, 0.97, 1.33      Penalty multipliers estimated at partition1: 0.95, 1.01, 0.97, 1.34      Penalty multipliers estimated at partition1: 0.93, 1.03, 0.97, 1.35      Penalty multipliers estimated at partition1: 0.92, 1.04, 0.98, 1.36      Penalty multipliers estimated at partition1: 0.91, 1.06, 0.98, 1.37      Penalty multipliers estimated at partition1: 0.89, 1.07, 0.98, 1.38      Penalty multipliers estimated at partition1: 0.88, 1.08, 0.99, 1.39      Penalty multipliers estimated at partition1: 0.87, 1.1, 0.99, 1.4      Penalty multipliers estimated at partition1: 0.86, 1.11, 0.99, 1.41      Penalty multipliers estimated at partition1: 0.85, 1.12, 0.99, 1.42      Penalty multipliers estimated at partition1: 0.84, 1.13, 1, 1.43      Penalty multipliers estimated at partition1: 0.83, 1.14, 1, 1.44      Penalty multipliers estimated at partition1: 0.82, 1.15, 1, 1.45      Penalty multipliers estimated at partition1: 0.82, 1.16, 1, 1.46      Penalty multipliers estimated at partition1: 0.81, 1.17, 1.01, 1.46      Penalty multipliers estimated at partition1: 0.8, 1.17, 1.01, 1.47      Penalty multipliers estimated at partition1: 0.8, 1.18, 1.01, 1.48      Penalty multipliers estimated at partition1: 0.79, 1.19, 1.01, 1.49      Penalty multipliers estimated at partition1: 0.78, 1.2, 1.01, 1.49      Penalty multipliers estimated at partition1: 0.78, 1.2, 1.02, 1.5      Penalty multipliers estimated at partition1: 0.77, 1.21, 1.02, 1.51      Penalty multipliers estimated at partition1: 0.77, 1.22, 1.02, 1.51      Penalty multipliers estimated at partition1: 0.76, 1.22, 1.02, 1.52      Penalty multipliers estimated at partition1: 0.76, 1.23, 1.02, 1.52      Penalty multipliers estimated at partition1: 0.75, 1.23, 1.02, 1.53      Penalty multipliers estimated at partition1: 0.75, 1.24, 1.03, 1.54      Penalty multipliers estimated at partition1: 0.75, 1.24, 1.03, 1.54      Penalty multipliers estimated at partition1: 0.74, 1.25, 1.03, 1.55      Penalty multipliers estimated at partition1: 0.74, 1.25, 1.03, 1.55      Penalty multipliers estimated at partition1: 0.74, 1.25, 1.03, 1.56      Penalty multipliers estimated at partition1: 0.73, 1.26, 1.03, 1.56      Penalty multipliers estimated at partition1: 0.73, 1.26, 1.03, 1.57      Penalty multipliers estimated at partition1: 0.73, 1.26, 1.03, 1.57      Penalty multipliers estimated at partition1: 0.72, 1.27, 1.03, 1.57      Penalty multipliers estimated at partition1: 0.72, 1.27, 1.03, 1.58      Penalty multipliers estimated at partition1: 0.72, 1.27, 1.03, 1.58      Penalty multipliers estimated at partition1: 0.72, 1.28, 1.04, 1.59      Penalty multipliers estimated at partition1: 0.72, 1.28, 1.04, 1.59      Penalty multipliers estimated at partition1: 0.71, 1.28, 1.04, 1.59      Penalty multipliers estimated at partition1: 0.71, 1.28, 1.04, 1.6      Penalty multipliers estimated at partition1: 0.71, 1.28, 1.04, 1.6      Penalty multipliers estimated at partition1: 0.71, 1.29, 1.04, 1.6      Penalty multipliers estimated at partition1: 0.71, 1.29, 1.04, 1.61      Penalty multipliers estimated at partition1: 0.71, 1.29, 1.04, 1.61      Penalty multipliers estimated at partition1: 0.7, 1.29, 1.04, 1.61      Penalty multipliers estimated at partition1: 0.7, 1.29, 1.04, 1.62      Penalty multipliers estimated at partition1: 0.7, 1.29, 1.04, 1.62      Penalty multipliers estimated at partition1: 0.7, 1.3, 1.04, 1.62      Penalty multipliers estimated at partition1: 0.7, 1.3, 1.04, 1.62      Penalty multipliers estimated at partition1: 0.7, 1.3, 1.04, 1.63      Penalty multipliers estimated at partition1: 0.7, 1.3, 1.04, 1.63      Penalty multipliers estimated at partition1: 0.7, 1.3, 1.04, 1.63      Penalty multipliers estimated at partition1: 0.69, 1.3, 1.04, 1.63      Penalty multipliers estimated at partition1: 0.69, 1.3, 1.04, 1.63      Penalty multipliers estimated at partition1: 0.69, 1.3, 1.04, 1.64      Penalty multipliers estimated at partition1: 0.69, 1.3, 1.04, 1.64      Penalty multipliers estimated at partition1: 0.69, 1.31, 1.04, 1.64      Penalty multipliers estimated at partition1: 0.69, 1.31, 1.04, 1.64      Penalty multipliers estimated at partition1: 0.69, 1.31, 1.04, 1.64      Penalty multipliers estimated at partition1: 0.69, 1.31, 1.04, 1.64      Penalty multipliers estimated at partition1: 0.69, 1.31, 1.04, 1.64 in 7.77 seconds [1] "Summary of group sizes:"
 1  2  3  4 
46 17 94 17 
[1] "Grouping 1 contains mutually exclusive groups"
[1] "Binary response, executing logistic ridge regression"
1234
[1] -71.91933
[1] -71.91933
[1] "Relative error: 0.187467164578452"
[1] "WARNING: large relative error (>=0.1). Consider using larger groups of variable."
[1] "Shrink Factor coefficient matrix 1"
[1] "exactstable"
[1] 1.1776868 0.8300662 0.9154659 1.4431087
[1] -71.78473
1234
[1] "Partition group improved results"
[1] "Relative error: 0.207719246641649"
[1] "WARNING: large relative error (>=0.1). Consider using larger groups of variable."
[1] "Shrink Factor coefficient matrix 1"
[1] "exactstable"
[1] 1.1681776 0.8691879 0.9195831 1.3236060
[1] -71.724
[1] "Partition group CONVERGED after 2 iterations"
[1] "All partitions CONVERGED after 2 iterations"
[1] "Computation time for adaptive weigthing: 10.523"
[1] "Final lambda multipliers (summary):"
$group
        1         2         3         4 
1.1776868 0.8300662 0.9154659 1.4431087 

[1] "CVLs -71.9193309638466" "CVLs -71.7847270424179"
[1] "Total computation time: 10.523"
[1] "Fold 4"

Estimating penalty multipliers by empirical Bayes
Penalty multipliers estimated at partition1: 1.17, 0.78, 0.93, 1.22      Penalty multipliers estimated at partition1: 1.13, 0.78, 0.95, 1.25      Penalty multipliers estimated at partition1: 1.09, 0.78, 0.96, 1.27      Penalty multipliers estimated at partition1: 1.06, 0.78, 0.97, 1.3      Penalty multipliers estimated at partition1: 1.02, 0.78, 0.98, 1.32      Penalty multipliers estimated at partition1: 1, 0.78, 0.99, 1.34      Penalty multipliers estimated at partition1: 0.97, 0.77, 1.01, 1.37      Penalty multipliers estimated at partition1: 0.94, 0.77, 1.02, 1.39      Penalty multipliers estimated at partition1: 0.92, 0.77, 1.03, 1.41      Penalty multipliers estimated at partition1: 0.9, 0.77, 1.04, 1.43      Penalty multipliers estimated at partition1: 0.88, 0.77, 1.04, 1.45      Penalty multipliers estimated at partition1: 0.86, 0.77, 1.05, 1.47      Penalty multipliers estimated at partition1: 0.84, 0.77, 1.06, 1.49      Penalty multipliers estimated at partition1: 0.82, 0.77, 1.07, 1.51      Penalty multipliers estimated at partition1: 0.81, 0.77, 1.08, 1.53      Penalty multipliers estimated at partition1: 0.8, 0.77, 1.08, 1.55      Penalty multipliers estimated at partition1: 0.78, 0.77, 1.09, 1.56      Penalty multipliers estimated at partition1: 0.77, 0.77, 1.1, 1.58      Penalty multipliers estimated at partition1: 0.76, 0.76, 1.1, 1.6      Penalty multipliers estimated at partition1: 0.75, 0.76, 1.11, 1.61      Penalty multipliers estimated at partition1: 0.74, 0.76, 1.11, 1.63      Penalty multipliers estimated at partition1: 0.73, 0.76, 1.12, 1.64      Penalty multipliers estimated at partition1: 0.72, 0.76, 1.12, 1.65      Penalty multipliers estimated at partition1: 0.71, 0.76, 1.13, 1.67      Penalty multipliers estimated at partition1: 0.71, 0.76, 1.13, 1.68      Penalty multipliers estimated at partition1: 0.7, 0.76, 1.14, 1.69      Penalty multipliers estimated at partition1: 0.69, 0.76, 1.14, 1.71      Penalty multipliers estimated at partition1: 0.69, 0.76, 1.15, 1.72      Penalty multipliers estimated at partition1: 0.68, 0.76, 1.15, 1.73      Penalty multipliers estimated at partition1: 0.68, 0.76, 1.15, 1.74      Penalty multipliers estimated at partition1: 0.67, 0.75, 1.15, 1.75      Penalty multipliers estimated at partition1: 0.67, 0.75, 1.16, 1.76      Penalty multipliers estimated at partition1: 0.66, 0.75, 1.16, 1.77      Penalty multipliers estimated at partition1: 0.66, 0.75, 1.16, 1.78      Penalty multipliers estimated at partition1: 0.66, 0.75, 1.16, 1.79      Penalty multipliers estimated at partition1: 0.65, 0.75, 1.17, 1.8      Penalty multipliers estimated at partition1: 0.65, 0.75, 1.17, 1.8      Penalty multipliers estimated at partition1: 0.65, 0.75, 1.17, 1.81      Penalty multipliers estimated at partition1: 0.64, 0.75, 1.17, 1.82      Penalty multipliers estimated at partition1: 0.64, 0.75, 1.17, 1.83      Penalty multipliers estimated at partition1: 0.64, 0.75, 1.18, 1.84      Penalty multipliers estimated at partition1: 0.64, 0.75, 1.18, 1.84      Penalty multipliers estimated at partition1: 0.64, 0.75, 1.18, 1.85      Penalty multipliers estimated at partition1: 0.63, 0.74, 1.18, 1.86      Penalty multipliers estimated at partition1: 0.63, 0.74, 1.18, 1.86      Penalty multipliers estimated at partition1: 0.63, 0.74, 1.18, 1.87      Penalty multipliers estimated at partition1: 0.63, 0.74, 1.18, 1.87      Penalty multipliers estimated at partition1: 0.63, 0.74, 1.18, 1.88      Penalty multipliers estimated at partition1: 0.63, 0.74, 1.18, 1.88      Penalty multipliers estimated at partition1: 0.62, 0.74, 1.18, 1.89      Penalty multipliers estimated at partition1: 0.62, 0.74, 1.19, 1.89      Penalty multipliers estimated at partition1: 0.62, 0.74, 1.19, 1.9      Penalty multipliers estimated at partition1: 0.62, 0.74, 1.19, 1.9      Penalty multipliers estimated at partition1: 0.62, 0.74, 1.19, 1.91      Penalty multipliers estimated at partition1: 0.62, 0.74, 1.19, 1.91      Penalty multipliers estimated at partition1: 0.62, 0.74, 1.19, 1.92      Penalty multipliers estimated at partition1: 0.62, 0.74, 1.19, 1.92      Penalty multipliers estimated at partition1: 0.62, 0.74, 1.19, 1.92      Penalty multipliers estimated at partition1: 0.62, 0.74, 1.19, 1.93      Penalty multipliers estimated at partition1: 0.62, 0.74, 1.19, 1.93      Penalty multipliers estimated at partition1: 0.61, 0.74, 1.19, 1.93      Penalty multipliers estimated at partition1: 0.61, 0.74, 1.19, 1.94      Penalty multipliers estimated at partition1: 0.61, 0.73, 1.19, 1.94      Penalty multipliers estimated at partition1: 0.61, 0.73, 1.19, 1.94      Penalty multipliers estimated at partition1: 0.61, 0.73, 1.19, 1.95      Penalty multipliers estimated at partition1: 0.61, 0.73, 1.19, 1.95      Penalty multipliers estimated at partition1: 0.61, 0.73, 1.19, 1.95      Penalty multipliers estimated at partition1: 0.61, 0.73, 1.19, 1.96      Penalty multipliers estimated at partition1: 0.61, 0.73, 1.19, 1.96      Penalty multipliers estimated at partition1: 0.61, 0.73, 1.19, 1.96      Penalty multipliers estimated at partition1: 0.61, 0.73, 1.19, 1.96      Penalty multipliers estimated at partition1: 0.61, 0.73, 1.19, 1.96      Penalty multipliers estimated at partition1: 0.61, 0.73, 1.19, 1.97      Penalty multipliers estimated at partition1: 0.61, 0.73, 1.19, 1.97      Penalty multipliers estimated at partition1: 0.61, 0.73, 1.19, 1.97      Penalty multipliers estimated at partition1: 0.61, 0.73, 1.19, 1.97      Penalty multipliers estimated at partition1: 0.61, 0.73, 1.19, 1.97 in 7.08 seconds [1] "Summary of group sizes:"
 1  2  3  4 
46 17 94 17 
[1] "Grouping 1 contains mutually exclusive groups"
[1] "Binary response, executing logistic ridge regression"
1234
[1] -73.66312
[1] -73.66312
[1] "Relative error: 0.203300188191067"
[1] "WARNING: large relative error (>=0.1). Consider using larger groups of variable."
[1] "Shrink Factor coefficient matrix 1"
[1] "exactstable"
[1] 1.0205068 0.7369059 0.9668390 1.9696716
[1] -73.3766
1234
[1] "Partition group improved results"
[1] "Relative error: 0.193306553948955"
[1] "WARNING: large relative error (>=0.1). Consider using larger groups of variable."
[1] "Shrink Factor coefficient matrix 1"
[1] "exactstable"
[1] 0.9941185 0.7627681 0.9687986 2.0206308
[1] -73.17772
[1] "Partition group CONVERGED after 2 iterations"
[1] "All partitions CONVERGED after 2 iterations"
[1] "Computation time for adaptive weigthing: 10.08"
[1] "Final lambda multipliers (summary):"
$group
        1         2         3         4 
1.0205068 0.7369059 0.9668390 1.9696716 

[1] "CVLs -73.6631224012209" "CVLs -73.3766017277413"
[1] "Total computation time: 10.08"
[1] "Fold 5"

Estimating penalty multipliers by empirical Bayes
Penalty multipliers estimated at partition1: 1.21, 0.74, 0.92, 1.25      Penalty multipliers estimated at partition1: 1.16, 0.75, 0.93, 1.29      Penalty multipliers estimated at partition1: 1.12, 0.77, 0.94, 1.33      Penalty multipliers estimated at partition1: 1.09, 0.78, 0.95, 1.37      Penalty multipliers estimated at partition1: 1.05, 0.79, 0.96, 1.41      Penalty multipliers estimated at partition1: 1.02, 0.79, 0.97, 1.45      Penalty multipliers estimated at partition1: 0.99, 0.8, 0.97, 1.49      Penalty multipliers estimated at partition1: 0.96, 0.81, 0.98, 1.53      Penalty multipliers estimated at partition1: 0.94, 0.82, 0.99, 1.57      Penalty multipliers estimated at partition1: 0.91, 0.82, 0.99, 1.61      Penalty multipliers estimated at partition1: 0.89, 0.83, 1, 1.64      Penalty multipliers estimated at partition1: 0.87, 0.84, 1.01, 1.68      Penalty multipliers estimated at partition1: 0.85, 0.84, 1.01, 1.71      Penalty multipliers estimated at partition1: 0.83, 0.85, 1.02, 1.75      Penalty multipliers estimated at partition1: 0.82, 0.85, 1.02, 1.78      Penalty multipliers estimated at partition1: 0.8, 0.85, 1.03, 1.81      Penalty multipliers estimated at partition1: 0.79, 0.86, 1.03, 1.84      Penalty multipliers estimated at partition1: 0.78, 0.86, 1.04, 1.87      Penalty multipliers estimated at partition1: 0.76, 0.86, 1.04, 1.9      Penalty multipliers estimated at partition1: 0.75, 0.87, 1.05, 1.93      Penalty multipliers estimated at partition1: 0.74, 0.87, 1.05, 1.96      Penalty multipliers estimated at partition1: 0.73, 0.87, 1.05, 1.99      Penalty multipliers estimated at partition1: 0.72, 0.87, 1.06, 2.02      Penalty multipliers estimated at partition1: 0.72, 0.87, 1.06, 2.04      Penalty multipliers estimated at partition1: 0.71, 0.88, 1.06, 2.07      Penalty multipliers estimated at partition1: 0.7, 0.88, 1.07, 2.09      Penalty multipliers estimated at partition1: 0.69, 0.88, 1.07, 2.11      Penalty multipliers estimated at partition1: 0.69, 0.88, 1.07, 2.14      Penalty multipliers estimated at partition1: 0.68, 0.88, 1.07, 2.16      Penalty multipliers estimated at partition1: 0.68, 0.88, 1.08, 2.18      Penalty multipliers estimated at partition1: 0.67, 0.88, 1.08, 2.2      Penalty multipliers estimated at partition1: 0.67, 0.88, 1.08, 2.22      Penalty multipliers estimated at partition1: 0.66, 0.88, 1.08, 2.24      Penalty multipliers estimated at partition1: 0.66, 0.88, 1.08, 2.26      Penalty multipliers estimated at partition1: 0.65, 0.88, 1.08, 2.28      Penalty multipliers estimated at partition1: 0.65, 0.88, 1.09, 2.3      Penalty multipliers estimated at partition1: 0.65, 0.88, 1.09, 2.31      Penalty multipliers estimated at partition1: 0.64, 0.88, 1.09, 2.33      Penalty multipliers estimated at partition1: 0.64, 0.88, 1.09, 2.35      Penalty multipliers estimated at partition1: 0.64, 0.88, 1.09, 2.36      Penalty multipliers estimated at partition1: 0.64, 0.88, 1.09, 2.38      Penalty multipliers estimated at partition1: 0.63, 0.88, 1.09, 2.39      Penalty multipliers estimated at partition1: 0.63, 0.88, 1.09, 2.4      Penalty multipliers estimated at partition1: 0.63, 0.88, 1.09, 2.42      Penalty multipliers estimated at partition1: 0.63, 0.88, 1.09, 2.43      Penalty multipliers estimated at partition1: 0.63, 0.88, 1.1, 2.44      Penalty multipliers estimated at partition1: 0.62, 0.88, 1.1, 2.45      Penalty multipliers estimated at partition1: 0.62, 0.88, 1.1, 2.47      Penalty multipliers estimated at partition1: 0.62, 0.88, 1.1, 2.48      Penalty multipliers estimated at partition1: 0.62, 0.88, 1.1, 2.49      Penalty multipliers estimated at partition1: 0.62, 0.88, 1.1, 2.5      Penalty multipliers estimated at partition1: 0.62, 0.87, 1.1, 2.51      Penalty multipliers estimated at partition1: 0.62, 0.87, 1.1, 2.52      Penalty multipliers estimated at partition1: 0.62, 0.87, 1.1, 2.53      Penalty multipliers estimated at partition1: 0.61, 0.87, 1.1, 2.53      Penalty multipliers estimated at partition1: 0.61, 0.87, 1.1, 2.54      Penalty multipliers estimated at partition1: 0.61, 0.87, 1.1, 2.55      Penalty multipliers estimated at partition1: 0.61, 0.87, 1.1, 2.56      Penalty multipliers estimated at partition1: 0.61, 0.87, 1.1, 2.57      Penalty multipliers estimated at partition1: 0.61, 0.87, 1.1, 2.57      Penalty multipliers estimated at partition1: 0.61, 0.87, 1.1, 2.58      Penalty multipliers estimated at partition1: 0.61, 0.87, 1.1, 2.59      Penalty multipliers estimated at partition1: 0.61, 0.87, 1.1, 2.59      Penalty multipliers estimated at partition1: 0.61, 0.87, 1.1, 2.6      Penalty multipliers estimated at partition1: 0.61, 0.87, 1.1, 2.61      Penalty multipliers estimated at partition1: 0.61, 0.87, 1.1, 2.61      Penalty multipliers estimated at partition1: 0.61, 0.87, 1.1, 2.62      Penalty multipliers estimated at partition1: 0.61, 0.87, 1.1, 2.62      Penalty multipliers estimated at partition1: 0.61, 0.87, 1.1, 2.63      Penalty multipliers estimated at partition1: 0.6, 0.87, 1.1, 2.63      Penalty multipliers estimated at partition1: 0.6, 0.87, 1.1, 2.64      Penalty multipliers estimated at partition1: 0.6, 0.87, 1.1, 2.64      Penalty multipliers estimated at partition1: 0.6, 0.87, 1.1, 2.65      Penalty multipliers estimated at partition1: 0.6, 0.87, 1.1, 2.65      Penalty multipliers estimated at partition1: 0.6, 0.87, 1.1, 2.66      Penalty multipliers estimated at partition1: 0.6, 0.87, 1.1, 2.66      Penalty multipliers estimated at partition1: 0.6, 0.87, 1.1, 2.66      Penalty multipliers estimated at partition1: 0.6, 0.87, 1.1, 2.67      Penalty multipliers estimated at partition1: 0.6, 0.86, 1.1, 2.67      Penalty multipliers estimated at partition1: 0.6, 0.86, 1.1, 2.67      Penalty multipliers estimated at partition1: 0.6, 0.86, 1.1, 2.68      Penalty multipliers estimated at partition1: 0.6, 0.86, 1.1, 2.68      Penalty multipliers estimated at partition1: 0.6, 0.86, 1.1, 2.68      Penalty multipliers estimated at partition1: 0.6, 0.86, 1.1, 2.69      Penalty multipliers estimated at partition1: 0.6, 0.86, 1.1, 2.69      Penalty multipliers estimated at partition1: 0.6, 0.86, 1.1, 2.69      Penalty multipliers estimated at partition1: 0.6, 0.86, 1.1, 2.69 in 9.6 seconds [1] "Summary of group sizes:"
 1  2  3  4 
46 17 94 17 
[1] "Grouping 1 contains mutually exclusive groups"
[1] "Binary response, executing logistic ridge regression"
12345
[1] -71.25769
[1] -71.25769
[1] "Relative error: 0.212873168828643"
[1] "WARNING: large relative error (>=0.1). Consider using larger groups of variable."
[1] "Shrink Factor coefficient matrix 1"
[1] "exactstable"
[1] 1.0318481 0.7449259 0.9401036 2.5719576
[1] -70.6966
12345
[1] "Partition group improved results"
[1] "Relative error: 0.208185681428879"
[1] "WARNING: large relative error (>=0.1). Consider using larger groups of variable."
[1] "Shrink Factor coefficient matrix 1"
[1] "exactstable"
[1] 0.9886470 0.8058871 0.9431249 2.5341601
[1] -70.39409
[1] "Partition group CONVERGED after 2 iterations"
[1] "All partitions CONVERGED after 2 iterations"
[1] "Computation time for adaptive weigthing: 10.736"
[1] "Final lambda multipliers (summary):"
$group
        1         2         3         4 
1.0318481 0.7449259 0.9401036 2.5719576 

[1] "CVLs -71.2576905520096" "CVLs -70.6965968295722"
[1] "Total computation time: 10.738"
[1] "Fold 6"

Estimating penalty multipliers by empirical Bayes
Penalty multipliers estimated at partition1: 1.13, 0.78, 0.94, 1.27      Penalty multipliers estimated at partition1: 1.07, 0.79, 0.96, 1.33      Penalty multipliers estimated at partition1: 1.02, 0.8, 0.97, 1.39      Penalty multipliers estimated at partition1: 0.97, 0.81, 0.99, 1.45      Penalty multipliers estimated at partition1: 0.92, 0.81, 1, 1.51      Penalty multipliers estimated at partition1: 0.87, 0.82, 1.02, 1.57      Penalty multipliers estimated at partition1: 0.83, 0.83, 1.04, 1.62      Penalty multipliers estimated at partition1: 0.8, 0.84, 1.05, 1.68      Penalty multipliers estimated at partition1: 0.76, 0.84, 1.07, 1.74      Penalty multipliers estimated at partition1: 0.73, 0.85, 1.08, 1.79      Penalty multipliers estimated at partition1: 0.7, 0.86, 1.1, 1.85      Penalty multipliers estimated at partition1: 0.67, 0.86, 1.11, 1.9      Penalty multipliers estimated at partition1: 0.65, 0.87, 1.12, 1.95      Penalty multipliers estimated at partition1: 0.63, 0.87, 1.14, 2      Penalty multipliers estimated at partition1: 0.61, 0.88, 1.15, 2.05      Penalty multipliers estimated at partition1: 0.59, 0.88, 1.16, 2.1      Penalty multipliers estimated at partition1: 0.57, 0.89, 1.17, 2.15      Penalty multipliers estimated at partition1: 0.55, 0.89, 1.18, 2.2      Penalty multipliers estimated at partition1: 0.54, 0.9, 1.2, 2.24      Penalty multipliers estimated at partition1: 0.52, 0.9, 1.21, 2.29      Penalty multipliers estimated at partition1: 0.51, 0.9, 1.22, 2.33      Penalty multipliers estimated at partition1: 0.5, 0.91, 1.23, 2.37      Penalty multipliers estimated at partition1: 0.49, 0.91, 1.23, 2.41      Penalty multipliers estimated at partition1: 0.48, 0.91, 1.24, 2.45      Penalty multipliers estimated at partition1: 0.47, 0.91, 1.25, 2.49      Penalty multipliers estimated at partition1: 0.46, 0.91, 1.26, 2.52      Penalty multipliers estimated at partition1: 0.45, 0.92, 1.27, 2.56      Penalty multipliers estimated at partition1: 0.44, 0.92, 1.27, 2.59      Penalty multipliers estimated at partition1: 0.44, 0.92, 1.28, 2.63      Penalty multipliers estimated at partition1: 0.43, 0.92, 1.28, 2.66      Penalty multipliers estimated at partition1: 0.42, 0.92, 1.29, 2.69      Penalty multipliers estimated at partition1: 0.42, 0.92, 1.3, 2.72      Penalty multipliers estimated at partition1: 0.41, 0.92, 1.3, 2.75      Penalty multipliers estimated at partition1: 0.41, 0.92, 1.31, 2.77      Penalty multipliers estimated at partition1: 0.41, 0.92, 1.31, 2.8      Penalty multipliers estimated at partition1: 0.4, 0.92, 1.31, 2.82      Penalty multipliers estimated at partition1: 0.4, 0.92, 1.32, 2.85      Penalty multipliers estimated at partition1: 0.39, 0.92, 1.32, 2.87      Penalty multipliers estimated at partition1: 0.39, 0.92, 1.33, 2.89      Penalty multipliers estimated at partition1: 0.39, 0.92, 1.33, 2.92      Penalty multipliers estimated at partition1: 0.39, 0.92, 1.33, 2.94      Penalty multipliers estimated at partition1: 0.38, 0.92, 1.33, 2.96      Penalty multipliers estimated at partition1: 0.38, 0.92, 1.34, 2.98      Penalty multipliers estimated at partition1: 0.38, 0.92, 1.34, 2.99      Penalty multipliers estimated at partition1: 0.38, 0.92, 1.34, 3.01      Penalty multipliers estimated at partition1: 0.38, 0.92, 1.34, 3.03      Penalty multipliers estimated at partition1: 0.37, 0.91, 1.35, 3.04      Penalty multipliers estimated at partition1: 0.37, 0.91, 1.35, 3.06      Penalty multipliers estimated at partition1: 0.37, 0.91, 1.35, 3.07      Penalty multipliers estimated at partition1: 0.37, 0.91, 1.35, 3.09      Penalty multipliers estimated at partition1: 0.37, 0.91, 1.35, 3.1      Penalty multipliers estimated at partition1: 0.37, 0.91, 1.35, 3.11      Penalty multipliers estimated at partition1: 0.37, 0.91, 1.35, 3.13      Penalty multipliers estimated at partition1: 0.36, 0.91, 1.36, 3.14      Penalty multipliers estimated at partition1: 0.36, 0.91, 1.36, 3.15      Penalty multipliers estimated at partition1: 0.36, 0.91, 1.36, 3.16      Penalty multipliers estimated at partition1: 0.36, 0.91, 1.36, 3.17      Penalty multipliers estimated at partition1: 0.36, 0.91, 1.36, 3.18      Penalty multipliers estimated at partition1: 0.36, 0.9, 1.36, 3.19      Penalty multipliers estimated at partition1: 0.36, 0.9, 1.36, 3.2      Penalty multipliers estimated at partition1: 0.36, 0.9, 1.36, 3.21      Penalty multipliers estimated at partition1: 0.36, 0.9, 1.36, 3.22      Penalty multipliers estimated at partition1: 0.36, 0.9, 1.36, 3.22      Penalty multipliers estimated at partition1: 0.36, 0.9, 1.36, 3.23      Penalty multipliers estimated at partition1: 0.36, 0.9, 1.36, 3.24      Penalty multipliers estimated at partition1: 0.36, 0.9, 1.36, 3.25      Penalty multipliers estimated at partition1: 0.36, 0.9, 1.36, 3.25      Penalty multipliers estimated at partition1: 0.36, 0.9, 1.37, 3.26      Penalty multipliers estimated at partition1: 0.36, 0.9, 1.37, 3.27      Penalty multipliers estimated at partition1: 0.36, 0.9, 1.37, 3.27      Penalty multipliers estimated at partition1: 0.35, 0.9, 1.37, 3.28      Penalty multipliers estimated at partition1: 0.35, 0.9, 1.37, 3.28      Penalty multipliers estimated at partition1: 0.35, 0.9, 1.37, 3.29      Penalty multipliers estimated at partition1: 0.35, 0.9, 1.37, 3.29      Penalty multipliers estimated at partition1: 0.35, 0.89, 1.37, 3.3      Penalty multipliers estimated at partition1: 0.35, 0.89, 1.37, 3.3      Penalty multipliers estimated at partition1: 0.35, 0.89, 1.37, 3.31      Penalty multipliers estimated at partition1: 0.35, 0.89, 1.37, 3.31      Penalty multipliers estimated at partition1: 0.35, 0.89, 1.37, 3.32      Penalty multipliers estimated at partition1: 0.35, 0.89, 1.37, 3.32      Penalty multipliers estimated at partition1: 0.35, 0.89, 1.37, 3.32      Penalty multipliers estimated at partition1: 0.35, 0.89, 1.37, 3.33      Penalty multipliers estimated at partition1: 0.35, 0.89, 1.37, 3.33      Penalty multipliers estimated at partition1: 0.35, 0.89, 1.37, 3.33      Penalty multipliers estimated at partition1: 0.35, 0.89, 1.37, 3.33 in 9.11 seconds [1] "Summary of group sizes:"
 1  2  3  4 
46 17 94 17 
[1] "Grouping 1 contains mutually exclusive groups"
[1] "Binary response, executing logistic ridge regression"
1234
[1] -71.09724
[1] -71.09724
[1] "Relative error: 0.210425369895788"
[1] "WARNING: large relative error (>=0.1). Consider using larger groups of variable."
[1] "Shrink Factor coefficient matrix 1"
[1] "exactstable"
[1] 0.8292887 0.7903862 1.0084856 4.4581543
[1] -70.19771
1234
[1] "Partition group improved results"
[1] "Relative error: 0.201009878289517"
[1] "WARNING: large relative error (>=0.1). Consider using larger groups of variable."
[1] "Shrink Factor coefficient matrix 1"
[1] "exactstable"
[1] 0.8060333 0.8236659 1.0106926 5.1743604
[1] -69.68336
[1] "Partition group CONVERGED after 2 iterations"
[1] "All partitions CONVERGED after 2 iterations"
[1] "Computation time for adaptive weigthing: 10.266"
[1] "Final lambda multipliers (summary):"
$group
        1         2         3         4 
0.8292887 0.7903862 1.0084856 4.4581543 

[1] "CVLs -71.0972363068314" "CVLs -70.1977075797959"
[1] "Total computation time: 10.267"
[1] "Fold 7"

Estimating penalty multipliers by empirical Bayes
Penalty multipliers estimated at partition1: 1.16, 0.78, 0.93, 1.27      Penalty multipliers estimated at partition1: 1.12, 0.76, 0.95, 1.3      Penalty multipliers estimated at partition1: 1.08, 0.74, 0.97, 1.32      Penalty multipliers estimated at partition1: 1.04, 0.72, 0.98, 1.35      Penalty multipliers estimated at partition1: 1.01, 0.71, 1, 1.38      Penalty multipliers estimated at partition1: 0.98, 0.69, 1.01, 1.41      Penalty multipliers estimated at partition1: 0.95, 0.68, 1.03, 1.43      Penalty multipliers estimated at partition1: 0.92, 0.67, 1.04, 1.46      Penalty multipliers estimated at partition1: 0.9, 0.66, 1.06, 1.48      Penalty multipliers estimated at partition1: 0.88, 0.65, 1.07, 1.51      Penalty multipliers estimated at partition1: 0.86, 0.64, 1.08, 1.53      Penalty multipliers estimated at partition1: 0.84, 0.63, 1.1, 1.56      Penalty multipliers estimated at partition1: 0.82, 0.62, 1.11, 1.58      Penalty multipliers estimated at partition1: 0.8, 0.61, 1.12, 1.6      Penalty multipliers estimated at partition1: 0.78, 0.6, 1.13, 1.62      Penalty multipliers estimated at partition1: 0.77, 0.6, 1.14, 1.64      Penalty multipliers estimated at partition1: 0.76, 0.59, 1.15, 1.66      Penalty multipliers estimated at partition1: 0.74, 0.58, 1.16, 1.68      Penalty multipliers estimated at partition1: 0.73, 0.58, 1.17, 1.7      Penalty multipliers estimated at partition1: 0.72, 0.57, 1.18, 1.72      Penalty multipliers estimated at partition1: 0.71, 0.57, 1.19, 1.74      Penalty multipliers estimated at partition1: 0.7, 0.56, 1.19, 1.75      Penalty multipliers estimated at partition1: 0.69, 0.56, 1.2, 1.77      Penalty multipliers estimated at partition1: 0.68, 0.55, 1.21, 1.79      Penalty multipliers estimated at partition1: 0.68, 0.55, 1.21, 1.8      Penalty multipliers estimated at partition1: 0.67, 0.54, 1.22, 1.81      Penalty multipliers estimated at partition1: 0.66, 0.54, 1.22, 1.83      Penalty multipliers estimated at partition1: 0.66, 0.54, 1.23, 1.84      Penalty multipliers estimated at partition1: 0.65, 0.53, 1.24, 1.86      Penalty multipliers estimated at partition1: 0.65, 0.53, 1.24, 1.87      Penalty multipliers estimated at partition1: 0.64, 0.53, 1.24, 1.88      Penalty multipliers estimated at partition1: 0.64, 0.53, 1.25, 1.89      Penalty multipliers estimated at partition1: 0.63, 0.52, 1.25, 1.9      Penalty multipliers estimated at partition1: 0.63, 0.52, 1.26, 1.91      Penalty multipliers estimated at partition1: 0.62, 0.52, 1.26, 1.92      Penalty multipliers estimated at partition1: 0.62, 0.52, 1.26, 1.93      Penalty multipliers estimated at partition1: 0.62, 0.51, 1.27, 1.94      Penalty multipliers estimated at partition1: 0.61, 0.51, 1.27, 1.95      Penalty multipliers estimated at partition1: 0.61, 0.51, 1.27, 1.96      Penalty multipliers estimated at partition1: 0.61, 0.51, 1.28, 1.97      Penalty multipliers estimated at partition1: 0.61, 0.51, 1.28, 1.97      Penalty multipliers estimated at partition1: 0.6, 0.51, 1.28, 1.98      Penalty multipliers estimated at partition1: 0.6, 0.5, 1.28, 1.99      Penalty multipliers estimated at partition1: 0.6, 0.5, 1.28, 2      Penalty multipliers estimated at partition1: 0.6, 0.5, 1.29, 2      Penalty multipliers estimated at partition1: 0.59, 0.5, 1.29, 2.01      Penalty multipliers estimated at partition1: 0.59, 0.5, 1.29, 2.02      Penalty multipliers estimated at partition1: 0.59, 0.5, 1.29, 2.02      Penalty multipliers estimated at partition1: 0.59, 0.5, 1.29, 2.03      Penalty multipliers estimated at partition1: 0.59, 0.5, 1.29, 2.03      Penalty multipliers estimated at partition1: 0.59, 0.5, 1.3, 2.04      Penalty multipliers estimated at partition1: 0.59, 0.49, 1.3, 2.04      Penalty multipliers estimated at partition1: 0.58, 0.49, 1.3, 2.05      Penalty multipliers estimated at partition1: 0.58, 0.49, 1.3, 2.05      Penalty multipliers estimated at partition1: 0.58, 0.49, 1.3, 2.06      Penalty multipliers estimated at partition1: 0.58, 0.49, 1.3, 2.06      Penalty multipliers estimated at partition1: 0.58, 0.49, 1.3, 2.06      Penalty multipliers estimated at partition1: 0.58, 0.49, 1.3, 2.07      Penalty multipliers estimated at partition1: 0.58, 0.49, 1.3, 2.07      Penalty multipliers estimated at partition1: 0.58, 0.49, 1.3, 2.07      Penalty multipliers estimated at partition1: 0.58, 0.49, 1.3, 2.08      Penalty multipliers estimated at partition1: 0.58, 0.49, 1.3, 2.08      Penalty multipliers estimated at partition1: 0.58, 0.49, 1.31, 2.08      Penalty multipliers estimated at partition1: 0.58, 0.49, 1.31, 2.09      Penalty multipliers estimated at partition1: 0.58, 0.49, 1.31, 2.09      Penalty multipliers estimated at partition1: 0.57, 0.49, 1.31, 2.09      Penalty multipliers estimated at partition1: 0.57, 0.49, 1.31, 2.09      Penalty multipliers estimated at partition1: 0.57, 0.49, 1.31, 2.1      Penalty multipliers estimated at partition1: 0.57, 0.49, 1.31, 2.1      Penalty multipliers estimated at partition1: 0.57, 0.49, 1.31, 2.1      Penalty multipliers estimated at partition1: 0.57, 0.49, 1.31, 2.1      Penalty multipliers estimated at partition1: 0.57, 0.48, 1.31, 2.11      Penalty multipliers estimated at partition1: 0.57, 0.48, 1.31, 2.11 in 8.51 seconds [1] "Summary of group sizes:"
 1  2  3  4 
46 17 94 17 
[1] "Grouping 1 contains mutually exclusive groups"
[1] "Binary response, executing logistic ridge regression"
12345
[1] -71.29464
[1] -71.29464
[1] "Relative error: 0.22726180783106"
[1] "WARNING: large relative error (>=0.1). Consider using larger groups of variable."
[1] "Shrink Factor coefficient matrix 1"
[1] "exactstable"
[1] 1.0315600 0.6535648 0.9662503 2.7810177
[1] -70.83652
12345
[1] "Partition group improved results"
[1] "Relative error: 0.215588102441475"
[1] "WARNING: large relative error (>=0.1). Consider using larger groups of variable."
[1] "Shrink Factor coefficient matrix 1"
[1] "exactstable"
[1] 0.9886613 0.6925373 0.9604338 3.3646189
[1] -70.58688
[1] "Partition group CONVERGED after 2 iterations"
[1] "All partitions CONVERGED after 2 iterations"
[1] "Computation time for adaptive weigthing: 10.746"
[1] "Final lambda multipliers (summary):"
$group
        1         2         3         4 
1.0315600 0.6535648 0.9662503 2.7810177 

[1] "CVLs -71.2946394341471" "CVLs -70.8365167521072"
[1] "Total computation time: 10.747"
[1] "Fold 8"

Estimating penalty multipliers by empirical Bayes
Penalty multipliers estimated at partition1: 1.22, 0.75, 0.93, 1.13      Penalty multipliers estimated at partition1: 1.19, 0.77, 0.94, 1.15      Penalty multipliers estimated at partition1: 1.16, 0.79, 0.94, 1.17      Penalty multipliers estimated at partition1: 1.13, 0.81, 0.95, 1.19      Penalty multipliers estimated at partition1: 1.11, 0.83, 0.95, 1.2      Penalty multipliers estimated at partition1: 1.08, 0.84, 0.96, 1.22      Penalty multipliers estimated at partition1: 1.06, 0.86, 0.96, 1.24      Penalty multipliers estimated at partition1: 1.04, 0.88, 0.97, 1.25      Penalty multipliers estimated at partition1: 1.02, 0.89, 0.97, 1.27      Penalty multipliers estimated at partition1: 1, 0.91, 0.98, 1.28      Penalty multipliers estimated at partition1: 0.98, 0.92, 0.98, 1.3      Penalty multipliers estimated at partition1: 0.96, 0.94, 0.98, 1.31      Penalty multipliers estimated at partition1: 0.94, 0.95, 0.99, 1.33      Penalty multipliers estimated at partition1: 0.93, 0.96, 0.99, 1.34      Penalty multipliers estimated at partition1: 0.91, 0.97, 0.99, 1.35      Penalty multipliers estimated at partition1: 0.9, 0.99, 1, 1.36      Penalty multipliers estimated at partition1: 0.89, 1, 1, 1.38      Penalty multipliers estimated at partition1: 0.87, 1.01, 1.01, 1.39      Penalty multipliers estimated at partition1: 0.86, 1.02, 1.01, 1.4      Penalty multipliers estimated at partition1: 0.85, 1.03, 1.01, 1.41      Penalty multipliers estimated at partition1: 0.84, 1.04, 1.01, 1.42      Penalty multipliers estimated at partition1: 0.83, 1.05, 1.02, 1.43      Penalty multipliers estimated at partition1: 0.82, 1.06, 1.02, 1.45      Penalty multipliers estimated at partition1: 0.81, 1.07, 1.02, 1.46      Penalty multipliers estimated at partition1: 0.8, 1.08, 1.03, 1.47      Penalty multipliers estimated at partition1: 0.79, 1.08, 1.03, 1.48      Penalty multipliers estimated at partition1: 0.79, 1.09, 1.03, 1.48      Penalty multipliers estimated at partition1: 0.78, 1.1, 1.03, 1.49      Penalty multipliers estimated at partition1: 0.77, 1.11, 1.03, 1.5      Penalty multipliers estimated at partition1: 0.77, 1.11, 1.04, 1.51      Penalty multipliers estimated at partition1: 0.76, 1.12, 1.04, 1.52      Penalty multipliers estimated at partition1: 0.75, 1.12, 1.04, 1.53      Penalty multipliers estimated at partition1: 0.75, 1.13, 1.04, 1.54      Penalty multipliers estimated at partition1: 0.74, 1.14, 1.04, 1.54      Penalty multipliers estimated at partition1: 0.74, 1.14, 1.05, 1.55      Penalty multipliers estimated at partition1: 0.73, 1.15, 1.05, 1.56      Penalty multipliers estimated at partition1: 0.73, 1.15, 1.05, 1.56      Penalty multipliers estimated at partition1: 0.73, 1.16, 1.05, 1.57      Penalty multipliers estimated at partition1: 0.72, 1.16, 1.05, 1.58      Penalty multipliers estimated at partition1: 0.72, 1.16, 1.05, 1.58      Penalty multipliers estimated at partition1: 0.71, 1.17, 1.05, 1.59      Penalty multipliers estimated at partition1: 0.71, 1.17, 1.06, 1.59      Penalty multipliers estimated at partition1: 0.71, 1.18, 1.06, 1.6      Penalty multipliers estimated at partition1: 0.7, 1.18, 1.06, 1.61      Penalty multipliers estimated at partition1: 0.7, 1.18, 1.06, 1.61      Penalty multipliers estimated at partition1: 0.7, 1.19, 1.06, 1.62      Penalty multipliers estimated at partition1: 0.7, 1.19, 1.06, 1.62      Penalty multipliers estimated at partition1: 0.69, 1.19, 1.06, 1.63      Penalty multipliers estimated at partition1: 0.69, 1.19, 1.06, 1.63      Penalty multipliers estimated at partition1: 0.69, 1.2, 1.06, 1.63      Penalty multipliers estimated at partition1: 0.69, 1.2, 1.06, 1.64      Penalty multipliers estimated at partition1: 0.69, 1.2, 1.06, 1.64      Penalty multipliers estimated at partition1: 0.68, 1.2, 1.06, 1.65      Penalty multipliers estimated at partition1: 0.68, 1.21, 1.06, 1.65      Penalty multipliers estimated at partition1: 0.68, 1.21, 1.07, 1.65      Penalty multipliers estimated at partition1: 0.68, 1.21, 1.07, 1.66      Penalty multipliers estimated at partition1: 0.68, 1.21, 1.07, 1.66      Penalty multipliers estimated at partition1: 0.68, 1.21, 1.07, 1.66      Penalty multipliers estimated at partition1: 0.67, 1.22, 1.07, 1.67      Penalty multipliers estimated at partition1: 0.67, 1.22, 1.07, 1.67      Penalty multipliers estimated at partition1: 0.67, 1.22, 1.07, 1.67      Penalty multipliers estimated at partition1: 0.67, 1.22, 1.07, 1.68      Penalty multipliers estimated at partition1: 0.67, 1.22, 1.07, 1.68      Penalty multipliers estimated at partition1: 0.67, 1.22, 1.07, 1.68      Penalty multipliers estimated at partition1: 0.67, 1.22, 1.07, 1.69      Penalty multipliers estimated at partition1: 0.67, 1.23, 1.07, 1.69      Penalty multipliers estimated at partition1: 0.67, 1.23, 1.07, 1.69      Penalty multipliers estimated at partition1: 0.66, 1.23, 1.07, 1.69      Penalty multipliers estimated at partition1: 0.66, 1.23, 1.07, 1.69      Penalty multipliers estimated at partition1: 0.66, 1.23, 1.07, 1.7      Penalty multipliers estimated at partition1: 0.66, 1.23, 1.07, 1.7      Penalty multipliers estimated at partition1: 0.66, 1.23, 1.07, 1.7      Penalty multipliers estimated at partition1: 0.66, 1.23, 1.07, 1.7      Penalty multipliers estimated at partition1: 0.66, 1.23, 1.07, 1.7      Penalty multipliers estimated at partition1: 0.66, 1.23, 1.07, 1.71      Penalty multipliers estimated at partition1: 0.66, 1.23, 1.07, 1.71      Penalty multipliers estimated at partition1: 0.66, 1.23, 1.07, 1.71      Penalty multipliers estimated at partition1: 0.66, 1.23, 1.07, 1.71 in 10.19 seconds [1] "Summary of group sizes:"
 1  2  3  4 
46 17 94 17 
[1] "Grouping 1 contains mutually exclusive groups"
[1] "Binary response, executing logistic ridge regression"
12345
[1] -69.97789
[1] -69.97789
[1] "Relative error: 0.193742937061061"
[1] "WARNING: large relative error (>=0.1). Consider using larger groups of variable."
[1] "Shrink Factor coefficient matrix 1"
[1] "exactstable"
[1] 1.1826240 0.8185728 0.9282598 1.3006052
[1] -69.89099
12345
[1] "Partition group improved results"
[1] "Relative error: 0.183372493287953"
[1] "WARNING: large relative error (>=0.1). Consider using larger groups of variable."
[1] "Shrink Factor coefficient matrix 1"
[1] "exactstable"
[1] 1.1625775 0.8549091 0.9352433 1.2109140
[1] -69.8493
[1] "Partition group CONVERGED after 2 iterations"
[1] "All partitions CONVERGED after 2 iterations"
[1] "Computation time for adaptive weigthing: 10.291"
[1] "Final lambda multipliers (summary):"
$group
        1         2         3         4 
1.1826240 0.8185728 0.9282598 1.3006052 

[1] "CVLs -69.9778905016404" "CVLs -69.8909911286847"
[1] "Total computation time: 10.291"
[1] "Fold 9"

Estimating penalty multipliers by empirical Bayes
Penalty multipliers estimated at partition1: 1.16, 0.67, 0.94, 1.4      Penalty multipliers estimated at partition1: 1.13, 0.64, 0.96, 1.43      Penalty multipliers estimated at partition1: 1.1, 0.61, 0.97, 1.47      Penalty multipliers estimated at partition1: 1.07, 0.59, 0.99, 1.5      Penalty multipliers estimated at partition1: 1.04, 0.57, 1, 1.54      Penalty multipliers estimated at partition1: 1.02, 0.55, 1.02, 1.57      Penalty multipliers estimated at partition1: 1, 0.53, 1.03, 1.6      Penalty multipliers estimated at partition1: 0.97, 0.52, 1.04, 1.63      Penalty multipliers estimated at partition1: 0.95, 0.51, 1.06, 1.66      Penalty multipliers estimated at partition1: 0.93, 0.49, 1.07, 1.69      Penalty multipliers estimated at partition1: 0.92, 0.48, 1.08, 1.72      Penalty multipliers estimated at partition1: 0.9, 0.47, 1.09, 1.75      Penalty multipliers estimated at partition1: 0.88, 0.47, 1.1, 1.77      Penalty multipliers estimated at partition1: 0.87, 0.46, 1.11, 1.8      Penalty multipliers estimated at partition1: 0.85, 0.45, 1.12, 1.83      Penalty multipliers estimated at partition1: 0.84, 0.44, 1.13, 1.85      Penalty multipliers estimated at partition1: 0.83, 0.44, 1.14, 1.87      Penalty multipliers estimated at partition1: 0.82, 0.43, 1.14, 1.9      Penalty multipliers estimated at partition1: 0.8, 0.43, 1.15, 1.92      Penalty multipliers estimated at partition1: 0.79, 0.42, 1.16, 1.94      Penalty multipliers estimated at partition1: 0.78, 0.42, 1.17, 1.96      Penalty multipliers estimated at partition1: 0.77, 0.42, 1.17, 1.98      Penalty multipliers estimated at partition1: 0.77, 0.41, 1.18, 2      Penalty multipliers estimated at partition1: 0.76, 0.41, 1.18, 2.02      Penalty multipliers estimated at partition1: 0.75, 0.41, 1.19, 2.03      Penalty multipliers estimated at partition1: 0.74, 0.41, 1.2, 2.05      Penalty multipliers estimated at partition1: 0.74, 0.4, 1.2, 2.07      Penalty multipliers estimated at partition1: 0.73, 0.4, 1.21, 2.08      Penalty multipliers estimated at partition1: 0.72, 0.4, 1.21, 2.1      Penalty multipliers estimated at partition1: 0.72, 0.4, 1.21, 2.11      Penalty multipliers estimated at partition1: 0.71, 0.4, 1.22, 2.13      Penalty multipliers estimated at partition1: 0.71, 0.4, 1.22, 2.14      Penalty multipliers estimated at partition1: 0.7, 0.39, 1.22, 2.15      Penalty multipliers estimated at partition1: 0.7, 0.39, 1.23, 2.16      Penalty multipliers estimated at partition1: 0.69, 0.39, 1.23, 2.18      Penalty multipliers estimated at partition1: 0.69, 0.39, 1.23, 2.19      Penalty multipliers estimated at partition1: 0.69, 0.39, 1.24, 2.2      Penalty multipliers estimated at partition1: 0.68, 0.39, 1.24, 2.21      Penalty multipliers estimated at partition1: 0.68, 0.39, 1.24, 2.22      Penalty multipliers estimated at partition1: 0.68, 0.39, 1.24, 2.23      Penalty multipliers estimated at partition1: 0.67, 0.39, 1.25, 2.24      Penalty multipliers estimated at partition1: 0.67, 0.39, 1.25, 2.25      Penalty multipliers estimated at partition1: 0.67, 0.39, 1.25, 2.26      Penalty multipliers estimated at partition1: 0.66, 0.39, 1.25, 2.27      Penalty multipliers estimated at partition1: 0.66, 0.39, 1.25, 2.27      Penalty multipliers estimated at partition1: 0.66, 0.39, 1.25, 2.28      Penalty multipliers estimated at partition1: 0.66, 0.38, 1.26, 2.29      Penalty multipliers estimated at partition1: 0.66, 0.38, 1.26, 2.3      Penalty multipliers estimated at partition1: 0.65, 0.38, 1.26, 2.3      Penalty multipliers estimated at partition1: 0.65, 0.38, 1.26, 2.31      Penalty multipliers estimated at partition1: 0.65, 0.38, 1.26, 2.32      Penalty multipliers estimated at partition1: 0.65, 0.38, 1.26, 2.32      Penalty multipliers estimated at partition1: 0.65, 0.38, 1.26, 2.33      Penalty multipliers estimated at partition1: 0.65, 0.38, 1.26, 2.33      Penalty multipliers estimated at partition1: 0.64, 0.38, 1.27, 2.34      Penalty multipliers estimated at partition1: 0.64, 0.38, 1.27, 2.34      Penalty multipliers estimated at partition1: 0.64, 0.38, 1.27, 2.35      Penalty multipliers estimated at partition1: 0.64, 0.38, 1.27, 2.35      Penalty multipliers estimated at partition1: 0.64, 0.38, 1.27, 2.36      Penalty multipliers estimated at partition1: 0.64, 0.38, 1.27, 2.36      Penalty multipliers estimated at partition1: 0.64, 0.38, 1.27, 2.37      Penalty multipliers estimated at partition1: 0.64, 0.38, 1.27, 2.37      Penalty multipliers estimated at partition1: 0.64, 0.38, 1.27, 2.37      Penalty multipliers estimated at partition1: 0.64, 0.38, 1.27, 2.38      Penalty multipliers estimated at partition1: 0.64, 0.38, 1.27, 2.38      Penalty multipliers estimated at partition1: 0.63, 0.38, 1.27, 2.38      Penalty multipliers estimated at partition1: 0.63, 0.38, 1.27, 2.39      Penalty multipliers estimated at partition1: 0.63, 0.38, 1.27, 2.39      Penalty multipliers estimated at partition1: 0.63, 0.38, 1.27, 2.39      Penalty multipliers estimated at partition1: 0.63, 0.38, 1.27, 2.4      Penalty multipliers estimated at partition1: 0.63, 0.38, 1.27, 2.4      Penalty multipliers estimated at partition1: 0.63, 0.38, 1.27, 2.4      Penalty multipliers estimated at partition1: 0.63, 0.38, 1.27, 2.4      Penalty multipliers estimated at partition1: 0.63, 0.38, 1.27, 2.41      Penalty multipliers estimated at partition1: 0.63, 0.38, 1.27, 2.41 in 10.91 seconds [1] "Summary of group sizes:"
 1  2  3  4 
46 17 94 17 
[1] "Grouping 1 contains mutually exclusive groups"
[1] "Binary response, executing logistic ridge regression"
1234
[1] -69.5809
[1] -69.5809
[1] "Relative error: 0.207692454030693"
[1] "WARNING: large relative error (>=0.1). Consider using larger groups of variable."
[1] "Shrink Factor coefficient matrix 1"
[1] "exactstable"
[1] 1.1034032 0.5125656 0.9739125 6.4727335
[1] -68.84744
12345
[1] "Partition group improved results"
[1] "Relative error: 0.200653990678834"
[1] "WARNING: large relative error (>=0.1). Consider using larger groups of variable."
[1] "Shrink Factor coefficient matrix 1"
[1] "exactstable"
[1] 1.0350819 0.5801130 0.9725768 4.7170192
[1] -68.87176
[1] "Partition group CONVERGED after 2 iterations"
[1] "All partitions CONVERGED after 2 iterations"
[1] "Computation time for adaptive weigthing: 10.286"
[1] "Final lambda multipliers (summary):"
$group
        1         2         3         4 
1.1034032 0.5125656 0.9739125 6.4727335 

[1] "CVLs -69.580897498906"  "CVLs -68.8474416789691"
[1] "Total computation time: 10.286"
[1] "Fold 10"

Estimating penalty multipliers by empirical Bayes
Penalty multipliers estimated at partition1: 1.19, 0.83, 0.93, 1.13      Penalty multipliers estimated at partition1: 1.16, 0.78, 0.95, 1.15      Penalty multipliers estimated at partition1: 1.13, 0.73, 0.97, 1.17      Penalty multipliers estimated at partition1: 1.1, 0.69, 0.99, 1.19      Penalty multipliers estimated at partition1: 1.07, 0.65, 1.01, 1.21      Penalty multipliers estimated at partition1: 1.05, 0.61, 1.03, 1.23      Penalty multipliers estimated at partition1: 1.02, 0.58, 1.05, 1.24      Penalty multipliers estimated at partition1: 1, 0.55, 1.07, 1.26      Penalty multipliers estimated at partition1: 0.98, 0.52, 1.09, 1.28      Penalty multipliers estimated at partition1: 0.96, 0.49, 1.11, 1.3      Penalty multipliers estimated at partition1: 0.94, 0.47, 1.13, 1.31      Penalty multipliers estimated at partition1: 0.92, 0.44, 1.14, 1.33      Penalty multipliers estimated at partition1: 0.91, 0.42, 1.16, 1.34      Penalty multipliers estimated at partition1: 0.89, 0.41, 1.18, 1.36      Penalty multipliers estimated at partition1: 0.87, 0.39, 1.2, 1.37      Penalty multipliers estimated at partition1: 0.86, 0.37, 1.21, 1.38      Penalty multipliers estimated at partition1: 0.85, 0.36, 1.23, 1.4      Penalty multipliers estimated at partition1: 0.83, 0.35, 1.24, 1.41      Penalty multipliers estimated at partition1: 0.82, 0.34, 1.26, 1.42      Penalty multipliers estimated at partition1: 0.81, 0.33, 1.27, 1.43      Penalty multipliers estimated at partition1: 0.8, 0.32, 1.29, 1.44      Penalty multipliers estimated at partition1: 0.79, 0.31, 1.3, 1.45      Penalty multipliers estimated at partition1: 0.78, 0.3, 1.31, 1.46      Penalty multipliers estimated at partition1: 0.77, 0.29, 1.33, 1.47      Penalty multipliers estimated at partition1: 0.76, 0.29, 1.34, 1.47      Penalty multipliers estimated at partition1: 0.75, 0.28, 1.35, 1.48      Penalty multipliers estimated at partition1: 0.74, 0.28, 1.36, 1.49      Penalty multipliers estimated at partition1: 0.73, 0.27, 1.37, 1.5      Penalty multipliers estimated at partition1: 0.73, 0.27, 1.38, 1.5      Penalty multipliers estimated at partition1: 0.72, 0.26, 1.39, 1.51      Penalty multipliers estimated at partition1: 0.71, 0.26, 1.4, 1.51      Penalty multipliers estimated at partition1: 0.71, 0.26, 1.41, 1.52      Penalty multipliers estimated at partition1: 0.7, 0.25, 1.41, 1.52      Penalty multipliers estimated at partition1: 0.69, 0.25, 1.42, 1.53      Penalty multipliers estimated at partition1: 0.69, 0.25, 1.43, 1.53      Penalty multipliers estimated at partition1: 0.68, 0.25, 1.44, 1.53      Penalty multipliers estimated at partition1: 0.68, 0.25, 1.44, 1.54      Penalty multipliers estimated at partition1: 0.67, 0.24, 1.45, 1.54      Penalty multipliers estimated at partition1: 0.67, 0.24, 1.46, 1.54      Penalty multipliers estimated at partition1: 0.66, 0.24, 1.46, 1.54      Penalty multipliers estimated at partition1: 0.66, 0.24, 1.47, 1.55      Penalty multipliers estimated at partition1: 0.66, 0.24, 1.47, 1.55      Penalty multipliers estimated at partition1: 0.65, 0.24, 1.48, 1.55      Penalty multipliers estimated at partition1: 0.65, 0.24, 1.48, 1.55      Penalty multipliers estimated at partition1: 0.65, 0.23, 1.49, 1.55      Penalty multipliers estimated at partition1: 0.64, 0.23, 1.49, 1.56      Penalty multipliers estimated at partition1: 0.64, 0.23, 1.49, 1.56      Penalty multipliers estimated at partition1: 0.64, 0.23, 1.5, 1.56      Penalty multipliers estimated at partition1: 0.63, 0.23, 1.5, 1.56      Penalty multipliers estimated at partition1: 0.63, 0.23, 1.51, 1.56      Penalty multipliers estimated at partition1: 0.63, 0.23, 1.51, 1.56      Penalty multipliers estimated at partition1: 0.63, 0.23, 1.51, 1.56      Penalty multipliers estimated at partition1: 0.63, 0.23, 1.51, 1.56      Penalty multipliers estimated at partition1: 0.62, 0.23, 1.52, 1.56      Penalty multipliers estimated at partition1: 0.62, 0.23, 1.52, 1.56      Penalty multipliers estimated at partition1: 0.62, 0.23, 1.52, 1.56      Penalty multipliers estimated at partition1: 0.62, 0.23, 1.52, 1.56      Penalty multipliers estimated at partition1: 0.62, 0.23, 1.53, 1.56      Penalty multipliers estimated at partition1: 0.62, 0.23, 1.53, 1.56      Penalty multipliers estimated at partition1: 0.61, 0.23, 1.53, 1.56      Penalty multipliers estimated at partition1: 0.61, 0.23, 1.53, 1.56      Penalty multipliers estimated at partition1: 0.61, 0.23, 1.53, 1.56      Penalty multipliers estimated at partition1: 0.61, 0.23, 1.54, 1.56      Penalty multipliers estimated at partition1: 0.61, 0.23, 1.54, 1.56      Penalty multipliers estimated at partition1: 0.61, 0.22, 1.54, 1.56      Penalty multipliers estimated at partition1: 0.61, 0.22, 1.54, 1.56      Penalty multipliers estimated at partition1: 0.61, 0.22, 1.54, 1.56      Penalty multipliers estimated at partition1: 0.61, 0.22, 1.54, 1.56      Penalty multipliers estimated at partition1: 0.61, 0.22, 1.55, 1.56      Penalty multipliers estimated at partition1: 0.6, 0.22, 1.55, 1.56      Penalty multipliers estimated at partition1: 0.6, 0.22, 1.55, 1.56      Penalty multipliers estimated at partition1: 0.6, 0.22, 1.55, 1.56      Penalty multipliers estimated at partition1: 0.6, 0.22, 1.55, 1.56      Penalty multipliers estimated at partition1: 0.6, 0.22, 1.55, 1.56      Penalty multipliers estimated at partition1: 0.6, 0.22, 1.55, 1.56      Penalty multipliers estimated at partition1: 0.6, 0.22, 1.55, 1.56 in 13.82 seconds [1] "Summary of group sizes:"
 1  2  3  4 
46 17 94 17 
[1] "Grouping 1 contains mutually exclusive groups"
[1] "Binary response, executing logistic ridge regression"
12345
[1] -69.72118
[1] -69.72118
[1] "Relative error: 0.204658814131429"
[1] "WARNING: large relative error (>=0.1). Consider using larger groups of variable."
[1] "Shrink Factor coefficient matrix 1"
[1] "exactstable"
[1] 1.0829994 0.5761482 1.0340369 1.5297083
[1] -69.20789
12345
[1] "Partition group improved results"
[1] "Relative error: 0.193110069703988"
[1] "WARNING: large relative error (>=0.1). Consider using larger groups of variable."
[1] "Shrink Factor coefficient matrix 1"
[1] "exactstable"
[1] 1.0643897 0.5731205 1.0466607 1.5029430
[1] -68.62002
[1] "Partition group CONVERGED after 2 iterations"
[1] "All partitions CONVERGED after 2 iterations"
[1] "Computation time for adaptive weigthing: 10.256"
[1] "Final lambda multipliers (summary):"
$group
        1         2         3         4 
1.0829994 0.5761482 1.0340369 1.5297083 

[1] "CVLs -69.7211758221103" "CVLs -69.207894411589" 
[1] "Total computation time: 10.256"
> 
> auc1.ridge <- pROC::roc(y, pred1.ridge)$auc
> auc1.en <- pROC::roc(y, pred1.en)$auc
> auc1.grEBEN <- pROC::roc(y, pred1.grEBEN)$auc
> auc1.grridge <- pROC::roc(y, pred1.grridge)$auc
> # auc1.SGL <- pROC::roc(y, pred1.SGL)$auc
> 
> pred1 <- cbind(ridge=pred1.ridge, en=pred1.en, grEBEN=pred1.grEBEN, grridge=pred1.grridge)# , SGL=pred1.SGL)
> auc1 <- c(ridge=auc1.ridge, en=auc1.en, grEBEN=auc1.grEBEN, grridge=auc1.grridge)# , SGL=auc1.SGL)
> copd1 <- list(pred=pred1, auc=auc1)
> 
> save(copd1, file=paste(path.res, "grVBEM_copd_res1.Rdata", sep=""))
> 
> # fit1.grEBEN <- grVBEM(x, y, m, list(platform=groups1), lambda1=NULL, lambda2=NULL, intercept=TRUE, eps=0.001,
> #                       maxiter=300, trace=TRUE)
> # fit1.grridge <- grridge(t(x), y, list(conservation=CreatePartition(as.factor(groups1))), unpenal=~1)
> # 
> # 
> # ### plots
> # # with platform as co-data
> # xlabels1 <- c("CER", "EICO", "SHOT", "TAG")
> # barplot(rbind(fit1.grridge$lambdamults$platform,
> #               fit1.grEBEN$lambdag$platform[, fit1.grEBEN$nouteriter + 1]), beside=TRUE,
> #         names.arg=xlabels1, args.legend=list(x="topleft"), ylab=expression(paste(lambda[g], "'")),
> #         legend.text=paste(c("GRridge", "grEBEN", "ridge", "enet"), ", AUC=",
> #                           round(copd1$auc, 2), sep=""))
> # abline(h=1, lty=2)
> 
> proc.time()
   user  system elapsed 
253.123   0.760 254.404 
